###############################################################################
#
# IAR ELF Linker V9.20.1.318/W64 for ARM                  09/Nov/2021  21:21:25
# Copyright 2007-2021 IAR Systems AB.
#
#    Output file  =
#        C:\Users\hp\Desktop\Mikroprocesorski
#        sistemi\IAR\Ivan_Ljubisavljevic_115_2015_Domaci_1\EWARM\Ivan_Ljubisavljevic_115_2015_Domaci_1\Exe\Ivan_Ljubisavljevic_115_2015_Domaci_1.out
#    Map file     =
#        C:\Users\hp\Desktop\Mikroprocesorski
#        sistemi\IAR\Ivan_Ljubisavljevic_115_2015_Domaci_1\EWARM\Ivan_Ljubisavljevic_115_2015_Domaci_1\List\Ivan_Ljubisavljevic_115_2015_Domaci_1.map
#    Command line =
#        -f "C:\Users\hp\Desktop\Mikroprocesorski
#        sistemi\IAR\Ivan_Ljubisavljevic_115_2015_Domaci_1\EWARM\Ivan_Ljubisavljevic_115_2015_Domaci_1\Exe\Ivan_Ljubisavljevic_115_2015_Domaci_1.out.rsp"
#        ("C:\Users\hp\Desktop\Mikroprocesorski
#        sistemi\IAR\Ivan_Ljubisavljevic_115_2015_Domaci_1\EWARM\Ivan_Ljubisavljevic_115_2015_Domaci_1\Obj\Application\User\main.o"
#        "C:\Users\hp\Desktop\Mikroprocesorski
#        sistemi\IAR\Ivan_Ljubisavljevic_115_2015_Domaci_1\EWARM\Ivan_Ljubisavljevic_115_2015_Domaci_1\Obj\Application\EWARM\startup_stm32f103x6.o"
#        "C:\Users\hp\Desktop\Mikroprocesorski
#        sistemi\IAR\Ivan_Ljubisavljevic_115_2015_Domaci_1\EWARM\Ivan_Ljubisavljevic_115_2015_Domaci_1\Obj\Drivers\STM32F1xx_HAL_Driver\stm32f1xx_hal.o"
#        "C:\Users\hp\Desktop\Mikroprocesorski
#        sistemi\IAR\Ivan_Ljubisavljevic_115_2015_Domaci_1\EWARM\Ivan_Ljubisavljevic_115_2015_Domaci_1\Obj\Drivers\STM32F1xx_HAL_Driver\stm32f1xx_hal_cortex.o"
#        "C:\Users\hp\Desktop\Mikroprocesorski
#        sistemi\IAR\Ivan_Ljubisavljevic_115_2015_Domaci_1\EWARM\Ivan_Ljubisavljevic_115_2015_Domaci_1\Obj\Drivers\STM32F1xx_HAL_Driver\stm32f1xx_hal_dma.o"
#        "C:\Users\hp\Desktop\Mikroprocesorski
#        sistemi\IAR\Ivan_Ljubisavljevic_115_2015_Domaci_1\EWARM\Ivan_Ljubisavljevic_115_2015_Domaci_1\Obj\Drivers\STM32F1xx_HAL_Driver\stm32f1xx_hal_exti.o"
#        "C:\Users\hp\Desktop\Mikroprocesorski
#        sistemi\IAR\Ivan_Ljubisavljevic_115_2015_Domaci_1\EWARM\Ivan_Ljubisavljevic_115_2015_Domaci_1\Obj\Drivers\STM32F1xx_HAL_Driver\stm32f1xx_hal_flash.o"
#        "C:\Users\hp\Desktop\Mikroprocesorski
#        sistemi\IAR\Ivan_Ljubisavljevic_115_2015_Domaci_1\EWARM\Ivan_Ljubisavljevic_115_2015_Domaci_1\Obj\Drivers\STM32F1xx_HAL_Driver\stm32f1xx_hal_flash_ex.o"
#        "C:\Users\hp\Desktop\Mikroprocesorski
#        sistemi\IAR\Ivan_Ljubisavljevic_115_2015_Domaci_1\EWARM\Ivan_Ljubisavljevic_115_2015_Domaci_1\Obj\Drivers\STM32F1xx_HAL_Driver\stm32f1xx_hal_gpio.o"
#        "C:\Users\hp\Desktop\Mikroprocesorski
#        sistemi\IAR\Ivan_Ljubisavljevic_115_2015_Domaci_1\EWARM\Ivan_Ljubisavljevic_115_2015_Domaci_1\Obj\Drivers\STM32F1xx_HAL_Driver\stm32f1xx_hal_gpio_ex.o"
#        "C:\Users\hp\Desktop\Mikroprocesorski
#        sistemi\IAR\Ivan_Ljubisavljevic_115_2015_Domaci_1\EWARM\Ivan_Ljubisavljevic_115_2015_Domaci_1\Obj\Application\User\stm32f1xx_hal_msp.o"
#        "C:\Users\hp\Desktop\Mikroprocesorski
#        sistemi\IAR\Ivan_Ljubisavljevic_115_2015_Domaci_1\EWARM\Ivan_Ljubisavljevic_115_2015_Domaci_1\Obj\Drivers\STM32F1xx_HAL_Driver\stm32f1xx_hal_pwr.o"
#        "C:\Users\hp\Desktop\Mikroprocesorski
#        sistemi\IAR\Ivan_Ljubisavljevic_115_2015_Domaci_1\EWARM\Ivan_Ljubisavljevic_115_2015_Domaci_1\Obj\Drivers\STM32F1xx_HAL_Driver\stm32f1xx_hal_rcc.o"
#        "C:\Users\hp\Desktop\Mikroprocesorski
#        sistemi\IAR\Ivan_Ljubisavljevic_115_2015_Domaci_1\EWARM\Ivan_Ljubisavljevic_115_2015_Domaci_1\Obj\Drivers\STM32F1xx_HAL_Driver\stm32f1xx_hal_rcc_ex.o"
#        "C:\Users\hp\Desktop\Mikroprocesorski
#        sistemi\IAR\Ivan_Ljubisavljevic_115_2015_Domaci_1\EWARM\Ivan_Ljubisavljevic_115_2015_Domaci_1\Obj\Drivers\STM32F1xx_HAL_Driver\stm32f1xx_hal_tim.o"
#        "C:\Users\hp\Desktop\Mikroprocesorski
#        sistemi\IAR\Ivan_Ljubisavljevic_115_2015_Domaci_1\EWARM\Ivan_Ljubisavljevic_115_2015_Domaci_1\Obj\Drivers\STM32F1xx_HAL_Driver\stm32f1xx_hal_tim_ex.o"
#        "C:\Users\hp\Desktop\Mikroprocesorski
#        sistemi\IAR\Ivan_Ljubisavljevic_115_2015_Domaci_1\EWARM\Ivan_Ljubisavljevic_115_2015_Domaci_1\Obj\Application\User\stm32f1xx_it.o"
#        "C:\Users\hp\Desktop\Mikroprocesorski
#        sistemi\IAR\Ivan_Ljubisavljevic_115_2015_Domaci_1\EWARM\Ivan_Ljubisavljevic_115_2015_Domaci_1\Obj\Drivers\CMSIS\system_stm32f1xx.o"
#        --redirect _Printf=_PrintfFull --redirect _Scanf=_ScanfFull
#        --no_out_extension -o "C:\Users\hp\Desktop\Mikroprocesorski
#        sistemi\IAR\Ivan_Ljubisavljevic_115_2015_Domaci_1\EWARM\Ivan_Ljubisavljevic_115_2015_Domaci_1\Exe\Ivan_Ljubisavljevic_115_2015_Domaci_1.out"
#        --map "C:\Users\hp\Desktop\Mikroprocesorski
#        sistemi\IAR\Ivan_Ljubisavljevic_115_2015_Domaci_1\EWARM\Ivan_Ljubisavljevic_115_2015_Domaci_1\List\Ivan_Ljubisavljevic_115_2015_Domaci_1.map"
#        --config "C:\Users\hp\Desktop\Mikroprocesorski
#        sistemi\IAR\Ivan_Ljubisavljevic_115_2015_Domaci_1\EWARM/stm32f103x6_flash.icf"
#        --semihosting --entry __iar_program_start --vfe --text_out locale)
#
###############################################################################

*******************************************************************************
*** RUNTIME MODEL ATTRIBUTES
***

CppFlavor       = *
__CPP_Runtime   = 1
__SystemLibrary = DLib
__dlib_version  = 6


*******************************************************************************
*** HEAP SELECTION
***

The basic heap was selected because some modules are built with
size limitations (and not runtime checking), and --advanced_heap
was not specified.


*******************************************************************************
*** PLACEMENT SUMMARY
***

"A0":  place at address 0x800'0000 { ro section .intvec };
"P1":  place in [from 0x800'0000 to 0x800'7fff] { ro };
define block CSTACK with size = 1K, alignment = 8 { };
define block HEAP with size = 512, alignment = 8 { };
"P2":  place in [from 0x2000'0000 to 0x2000'27ff] {
          rw, block CSTACK, block HEAP };
initialize by copy { rw };

  Section            Kind         Address   Size  Object
  -------            ----         -------   ----  ------
"A0":                                       0xec
  .intvec            ro code   0x800'0000   0xec  startup_stm32f103x6.o [1]
                             - 0x800'00ec   0xec

"P1":                                      0xb50
  .text              ro code   0x800'00ec  0x496  stm32f1xx_hal_rcc.o [4]
  .text              ro code   0x800'0582   0x2a  copy_init3.o [6]
  .text              ro code   0x800'05ac    0xc  stm32f1xx_hal.o [4]
  .text              ro code   0x800'05b8   0x40  stm32f1xx_hal.o [4]
  .text              ro code   0x800'05f8   0xac  stm32f1xx_hal_cortex.o [4]
  .text              ro code   0x800'06a4  0x1d0  stm32f1xx_hal_gpio.o [4]
  .text              ro code   0x800'0874  0x10c  main.o [2]
  .text              ro code   0x800'0980   0x24  stm32f1xx_hal.o [4]
  .text              ro code   0x800'09a4   0x14  memset.o [6]
  .text              ro code   0x800'09b8   0x28  stm32f1xx_hal.o [4]
  .text              ro code   0x800'09e0   0x44  stm32f1xx_hal_msp.o [2]
  .text              ro code   0x800'0a24   0x66  ABImemset.o [6]
  Initializer bytes  const     0x800'0a8c   0x30  <for P2-1>
  .text              ro code   0x800'0abc   0x28  data_init.o [6]
  .iar.init_table    const     0x800'0ae4   0x14  - Linker created -
  .text              ro code   0x800'0af8   0x1e  cmain.o [6]
  .text              ro code   0x800'0b16    0x4  low_level_init.o [5]
  .text              ro code   0x800'0b1a    0x4  exit.o [5]
  .text              ro code   0x800'0b20    0xa  cexit.o [6]
  .text              ro code   0x800'0b2c   0x14  exit.o [7]
  .text              ro code   0x800'0b40   0x1c  cstartup_M.o [6]
  .text              ro code   0x800'0b5c   0x14  stm32f1xx_it.o [2]
  .text              ro code   0x800'0b70   0x10  stm32f1xx_hal.o [4]
  .text              ro code   0x800'0b80   0x14  system_stm32f1xx.o [3]
  .text              ro code   0x800'0b94   0x10  startup_stm32f103x6.o [1]
  .text              ro code   0x800'0ba4    0x4  startup_stm32f103x6.o [1]
  .text              ro code   0x800'0ba8    0x4  startup_stm32f103x6.o [1]
  .text              ro code   0x800'0bac    0x4  startup_stm32f103x6.o [1]
  .text              ro code   0x800'0bb0    0x4  startup_stm32f103x6.o [1]
  .text              ro code   0x800'0bb4    0x4  startup_stm32f103x6.o [1]
  .text              ro code   0x800'0bb8    0x4  startup_stm32f103x6.o [1]
  .text              ro code   0x800'0bbc    0x4  startup_stm32f103x6.o [1]
  .text              ro code   0x800'0bc0    0x4  startup_stm32f103x6.o [1]
  .text              ro code   0x800'0bc4    0x4  startup_stm32f103x6.o [1]
  .text              ro code   0x800'0bc8    0x4  startup_stm32f103x6.o [1]
  .text              ro code   0x800'0bcc    0x4  startup_stm32f103x6.o [1]
  .text              ro code   0x800'0bd0    0x4  startup_stm32f103x6.o [1]
  .text              ro code   0x800'0bd4    0x4  startup_stm32f103x6.o [1]
  .text              ro code   0x800'0bd8    0x4  startup_stm32f103x6.o [1]
  .text              ro code   0x800'0bdc    0x4  startup_stm32f103x6.o [1]
  .text              ro code   0x800'0be0    0x4  startup_stm32f103x6.o [1]
  .text              ro code   0x800'0be4    0x4  startup_stm32f103x6.o [1]
  .text              ro code   0x800'0be8    0x4  startup_stm32f103x6.o [1]
  .text              ro code   0x800'0bec    0x4  startup_stm32f103x6.o [1]
  .text              ro code   0x800'0bf0    0x4  startup_stm32f103x6.o [1]
  .text              ro code   0x800'0bf4    0x4  startup_stm32f103x6.o [1]
  .text              ro code   0x800'0bf8    0x4  startup_stm32f103x6.o [1]
  .text              ro code   0x800'0bfc    0x4  startup_stm32f103x6.o [1]
  .text              ro code   0x800'0c00    0x4  startup_stm32f103x6.o [1]
  .text              ro code   0x800'0c04    0x4  startup_stm32f103x6.o [1]
  .text              ro code   0x800'0c08    0x4  startup_stm32f103x6.o [1]
  .text              ro code   0x800'0c0c    0x4  startup_stm32f103x6.o [1]
  .text              ro code   0x800'0c10    0x4  startup_stm32f103x6.o [1]
  .text              ro code   0x800'0c14    0x4  startup_stm32f103x6.o [1]
  .text              ro code   0x800'0c18    0x4  startup_stm32f103x6.o [1]
  .text              ro code   0x800'0c1c    0x4  startup_stm32f103x6.o [1]
  .text              ro code   0x800'0c20    0x4  startup_stm32f103x6.o [1]
  .text              ro code   0x800'0c24    0x4  startup_stm32f103x6.o [1]
  .text              ro code   0x800'0c28    0x4  startup_stm32f103x6.o [1]
  .text              ro code   0x800'0c2c    0x4  startup_stm32f103x6.o [1]
  .text              ro code   0x800'0c30    0x4  startup_stm32f103x6.o [1]
  .text              ro code   0x800'0c34    0x4  startup_stm32f103x6.o [1]
  .text              ro code   0x800'0c38    0x4  startup_stm32f103x6.o [1]
  .rodata            const     0x800'0c3c    0x0  copy_init3.o [6]
                             - 0x800'0c3c  0xb50

"P2", part 1 of 2:                          0x30
  P2-1                        0x2000'0000   0x30  <Init block>
    .data            inited   0x2000'0000   0x20  main.o [2]
    .data            inited   0x2000'0020    0xc  stm32f1xx_hal.o [4]
    .data            inited   0x2000'002c    0x4  system_stm32f1xx.o [3]
                            - 0x2000'0030   0x30

"P2", part 2 of 2:                         0x400
  CSTACK                      0x2000'0030  0x400  <Block>
    CSTACK           uninit   0x2000'0030  0x400  <Block tail>
                            - 0x2000'0430  0x400

Unused ranges:

         From           To    Size
         ----           --    ----
   0x800'0c3c   0x800'7fff  0x73c4
  0x2000'0430  0x2000'27ff  0x23d0


*******************************************************************************
*** INIT TABLE
***

          Address      Size
          -------      ----
Copy (__iar_copy_init3)
    1 source range, total size 0x30:
           0x800'0a8c  0x30
    1 destination range, total size 0x30:
          0x2000'0000  0x30



*******************************************************************************
*** MODULE SUMMARY
***

    Module                  ro code  ro data  rw data
    ------                  -------  -------  -------
command line/config:
    -------------------------------------------------
    Total:

C:\Users\hp\Desktop\Mikroprocesorski sistemi\IAR\Ivan_Ljubisavljevic_115_2015_Domaci_1\EWARM\Ivan_Ljubisavljevic_115_2015_Domaci_1\Obj\Application\EWARM: [1]
    startup_stm32f103x6.o       404
    -------------------------------------------------
    Total:                      404

C:\Users\hp\Desktop\Mikroprocesorski sistemi\IAR\Ivan_Ljubisavljevic_115_2015_Domaci_1\EWARM\Ivan_Ljubisavljevic_115_2015_Domaci_1\Obj\Application\User: [2]
    main.o                      268       32       32
    stm32f1xx_hal_msp.o          68
    stm32f1xx_it.o               20
    -------------------------------------------------
    Total:                      356       32       32

C:\Users\hp\Desktop\Mikroprocesorski sistemi\IAR\Ivan_Ljubisavljevic_115_2015_Domaci_1\EWARM\Ivan_Ljubisavljevic_115_2015_Domaci_1\Obj\Drivers\CMSIS: [3]
    system_stm32f1xx.o           20        4        4
    -------------------------------------------------
    Total:                       20        4        4

C:\Users\hp\Desktop\Mikroprocesorski sistemi\IAR\Ivan_Ljubisavljevic_115_2015_Domaci_1\EWARM\Ivan_Ljubisavljevic_115_2015_Domaci_1\Obj\Drivers\STM32F1xx_HAL_Driver: [4]
    stm32f1xx_hal.o             168       12       12
    stm32f1xx_hal_cortex.o      172
    stm32f1xx_hal_gpio.o        464
    stm32f1xx_hal_rcc.o       1'174
    -------------------------------------------------
    Total:                    1'978       12       12

dl7M_tln.a: [5]
    exit.o                        4
    low_level_init.o              4
    -------------------------------------------------
    Total:                        8

rt7M_tl.a: [6]
    ABImemset.o                 102
    cexit.o                      10
    cmain.o                      30
    copy_init3.o                 42
    cstartup_M.o                 28
    data_init.o                  40
    memset.o                     20
    -------------------------------------------------
    Total:                      272

shb_l.a: [7]
    exit.o                       20
    -------------------------------------------------
    Total:                       20

    Gaps                          4
    Linker created                        22    1'024
-----------------------------------------------------
    Grand Total:              3'062       70    1'072


*******************************************************************************
*** ENTRY LIST
***

Entry                       Address   Size  Type      Object
-----                       -------   ----  ----      ------
.iar.init_table$$Base    0x800'0ae4          --   Gb  - Linker created -
.iar.init_table$$Limit   0x800'0af8          --   Gb  - Linker created -
?main                    0x800'0af9         Code  Gb  cmain.o [6]
AHBPrescTable            0x800'0b84   0x10  Data  Gb  system_stm32f1xx.o [3]
BusFault_Handler         0x800'0b63    0x2  Code  Gb  stm32f1xx_it.o [2]
CSTACK$$Base            0x2000'0030          --   Gb  - Linker created -
CSTACK$$Limit           0x2000'0430          --   Gb  - Linker created -
DebugMon_Handler         0x800'0b69    0x2  Code  Gb  stm32f1xx_it.o [2]
HAL_Delay                0x800'09b9   0x28  Code  Wk  stm32f1xx_hal.o [4]
HAL_GPIO_Init            0x800'06a5  0x196  Code  Gb  stm32f1xx_hal_gpio.o [4]
HAL_GPIO_WritePin        0x800'083b    0x8  Code  Gb  stm32f1xx_hal_gpio.o [4]
HAL_GetTick              0x800'05ad    0xc  Code  Wk  stm32f1xx_hal.o [4]
HAL_IncTick              0x800'0b71   0x10  Code  Wk  stm32f1xx_hal.o [4]
HAL_Init                 0x800'0981   0x20  Code  Gb  stm32f1xx_hal.o [4]
HAL_InitTick             0x800'05b9   0x40  Code  Wk  stm32f1xx_hal.o [4]
HAL_MspInit              0x800'09e1   0x44  Code  Gb  stm32f1xx_hal_msp.o [2]
HAL_NVIC_SetPriority     0x800'062d   0x3a  Code  Gb  stm32f1xx_hal_cortex.o [4]
HAL_NVIC_SetPriorityGrouping
                         0x800'0613   0x1a  Code  Gb  stm32f1xx_hal_cortex.o [4]
HAL_RCC_ClockConfig      0x800'0401   0xf4  Code  Gb  stm32f1xx_hal_rcc.o [4]
HAL_RCC_GetSysClockFreq
                         0x800'0509   0x3a  Code  Gb  stm32f1xx_hal_rcc.o [4]
HAL_RCC_GetSysClockFreq::aPLLMULFactorTable
                         0x800'0570   0x10  Data  Lc  stm32f1xx_hal_rcc.o [4]
HAL_RCC_GetSysClockFreq::aPredivFactorTable
                         0x800'0580    0x2  Data  Lc  stm32f1xx_hal_rcc.o [4]
HAL_RCC_OscConfig        0x800'00ed  0x30c  Code  Gb  stm32f1xx_hal_rcc.o [4]
HAL_SYSTICK_Config       0x800'0667   0x28  Code  Gb  stm32f1xx_hal_cortex.o [4]
HardFault_Handler        0x800'0b5f    0x2  Code  Gb  stm32f1xx_it.o [2]
MemManage_Handler        0x800'0b61    0x2  Code  Gb  stm32f1xx_it.o [2]
NMI_Handler              0x800'0b5d    0x2  Code  Gb  stm32f1xx_it.o [2]
PendSV_Handler           0x800'0b6b    0x2  Code  Gb  stm32f1xx_it.o [2]
Region$$Table$$Base      0x800'0ae4          --   Gb  - Linker created -
Region$$Table$$Limit     0x800'0af8          --   Gb  - Linker created -
SVC_Handler              0x800'0b67    0x2  Code  Gb  stm32f1xx_it.o [2]
SysTick_Handler          0x800'0b6d    0x4  Code  Gb  stm32f1xx_it.o [2]
SystemClock_Config       0x800'093b   0x46  Code  Gb  main.o [2]
SystemCoreClock         0x2000'002c    0x4  Data  Gb  system_stm32f1xx.o [3]
SystemInit               0x800'0b81    0x2  Code  Gb  system_stm32f1xx.o [3]
UsageFault_Handler       0x800'0b65    0x2  Code  Gb  stm32f1xx_it.o [2]
__NVIC_SetPriority       0x800'05f9   0x1a  Code  Lc  stm32f1xx_hal_cortex.o [4]
__aeabi_memset           0x800'0a25         Code  Gb  ABImemset.o [6]
__cmain                  0x800'0af9         Code  Gb  cmain.o [6]
__exit                   0x800'0b2d   0x14  Code  Gb  exit.o [7]
__iar_Memset             0x800'0a25         Code  Gb  ABImemset.o [6]
__iar_Memset_word        0x800'0a2d         Code  Gb  ABImemset.o [6]
__iar_copy_init3         0x800'0583   0x2a  Code  Gb  copy_init3.o [6]
__iar_data_init3         0x800'0abd   0x28  Code  Gb  data_init.o [6]
__iar_program_start      0x800'0b41         Code  Gb  cstartup_M.o [6]
__low_level_init         0x800'0b17    0x4  Code  Gb  low_level_init.o [5]
__vector_table           0x800'0000         Data  Gb  startup_stm32f103x6.o [1]
_call_main               0x800'0b05         Code  Gb  cmain.o [6]
_exit                    0x800'0b21         Code  Gb  cexit.o [6]
exit                     0x800'0b1b    0x4  Code  Gb  exit.o [5]
main                     0x800'0875   0xb4  Code  Gb  main.o [2]
memset                   0x800'09a5   0x14  Code  Gb  memset.o [6]
nizDioda                0x2000'0000   0x20  Data  Gb  main.o [2]
uwTick                  0x2000'0024    0x4  Data  Gb  stm32f1xx_hal.o [4]
uwTickFreq              0x2000'0020    0x1  Data  Gb  stm32f1xx_hal.o [4]
uwTickPrio              0x2000'0028    0x4  Data  Gb  stm32f1xx_hal.o [4]


[1] = C:\Users\hp\Desktop\Mikroprocesorski sistemi\IAR\Ivan_Ljubisavljevic_115_2015_Domaci_1\EWARM\Ivan_Ljubisavljevic_115_2015_Domaci_1\Obj\Application\EWARM
[2] = C:\Users\hp\Desktop\Mikroprocesorski sistemi\IAR\Ivan_Ljubisavljevic_115_2015_Domaci_1\EWARM\Ivan_Ljubisavljevic_115_2015_Domaci_1\Obj\Application\User
[3] = C:\Users\hp\Desktop\Mikroprocesorski sistemi\IAR\Ivan_Ljubisavljevic_115_2015_Domaci_1\EWARM\Ivan_Ljubisavljevic_115_2015_Domaci_1\Obj\Drivers\CMSIS
[4] = C:\Users\hp\Desktop\Mikroprocesorski sistemi\IAR\Ivan_Ljubisavljevic_115_2015_Domaci_1\EWARM\Ivan_Ljubisavljevic_115_2015_Domaci_1\Obj\Drivers\STM32F1xx_HAL_Driver
[5] = dl7M_tln.a
[6] = rt7M_tl.a
[7] = shb_l.a

  3'062 bytes of readonly  code memory
     70 bytes of readonly  data memory
  1'072 bytes of readwrite data memory

Errors: none
Warnings: none
